// Jest Snapshot v1, https://goo.gl/fbAQLP

exports[`dts 1`] = `
"// Generated by 'unplugin-auto-import'
declare global {
  const onActivated: typeof import('vue-demi')['onActivated']
  const onBeforeMount: typeof import('vue-demi')['onBeforeMount']
  const onBeforeUnmount: typeof import('vue-demi')['onBeforeUnmount']
  const onBeforeUpdate: typeof import('vue-demi')['onBeforeUpdate']
  const onMounted: typeof import('vue-demi')['onMounted']
  const onUnmounted: typeof import('vue-demi')['onUnmounted']
  const onUpdated: typeof import('vue-demi')['onUpdated']
  const computed: typeof import('vue-demi')['computed']
  const customRef: typeof import('vue-demi')['customRef']
  const isReadonly: typeof import('vue-demi')['isReadonly']
  const isRef: typeof import('vue-demi')['isRef']
  const markRaw: typeof import('vue-demi')['markRaw']
  const reactive: typeof import('vue-demi')['reactive']
  const readonly: typeof import('vue-demi')['readonly']
  const ref: typeof import('vue-demi')['ref']
  const shallowReactive: typeof import('vue-demi')['shallowReactive']
  const shallowReadonly: typeof import('vue-demi')['shallowReadonly']
  const shallowRef: typeof import('vue-demi')['shallowRef']
  const toRaw: typeof import('vue-demi')['toRaw']
  const toRef: typeof import('vue-demi')['toRef']
  const toRefs: typeof import('vue-demi')['toRefs']
  const unref: typeof import('vue-demi')['unref']
  const watch: typeof import('vue-demi')['watch']
  const watchEffect: typeof import('vue-demi')['watchEffect']
  const defineComponent: typeof import('vue-demi')['defineComponent']
  const getCurrentInstance: typeof import('vue-demi')['getCurrentInstance']
  const h: typeof import('vue-demi')['h']
  const inject: typeof import('vue-demi')['inject']
  const nextTick: typeof import('vue-demi')['nextTick']
  const provide: typeof import('vue-demi')['provide']
  const useCssModule: typeof import('vue-demi')['useCssModule']
  const createApp: typeof import('vue-demi')['createApp']
  const useState: typeof import('react')['useState']
  const useCallback: typeof import('react')['useCallback']
  const useMemo: typeof import('react')['useMemo']
  const useEffect: typeof import('react')['useEffect']
  const useRef: typeof import('react')['useRef']
  const useContext: typeof import('react')['useContext']
  const useReducer: typeof import('react')['useReducer']
  const onMount: typeof import('svelte')['onMount']
  const beforeUpdate: typeof import('svelte')['beforeUpdate']
  const afterUpdate: typeof import('svelte')['afterUpdate']
  const onDestroy: typeof import('svelte')['onDestroy']
  const tick: typeof import('svelte')['tick']
  const setContext: typeof import('svelte')['setContext']
  const getContext: typeof import('svelte')['getContext']
  const hasContext: typeof import('svelte')['hasContext']
  const getAllContexts: typeof import('svelte')['getAllContexts']
  const createEventDispatcher: typeof import('svelte')['createEventDispatcher']
  const flip: typeof import('svelte/animate')['flip']
  const linear: typeof import('svelte/easing')['linear']
  const backIn: typeof import('svelte/easing')['backIn']
  const backOut: typeof import('svelte/easing')['backOut']
  const backInOut: typeof import('svelte/easing')['backInOut']
  const bounceIn: typeof import('svelte/easing')['bounceIn']
  const bounceOut: typeof import('svelte/easing')['bounceOut']
  const bounceInOut: typeof import('svelte/easing')['bounceInOut']
  const circIn: typeof import('svelte/easing')['circIn']
  const circOut: typeof import('svelte/easing')['circOut']
  const circInOut: typeof import('svelte/easing')['circInOut']
  const cubicIn: typeof import('svelte/easing')['cubicIn']
  const cubicOut: typeof import('svelte/easing')['cubicOut']
  const cubicInOut: typeof import('svelte/easing')['cubicInOut']
  const elasticIn: typeof import('svelte/easing')['elasticIn']
  const elasticOut: typeof import('svelte/easing')['elasticOut']
  const elasticInOut: typeof import('svelte/easing')['elasticInOut']
  const expoIn: typeof import('svelte/easing')['expoIn']
  const expoOut: typeof import('svelte/easing')['expoOut']
  const expoInOut: typeof import('svelte/easing')['expoInOut']
  const quadIn: typeof import('svelte/easing')['quadIn']
  const quadOut: typeof import('svelte/easing')['quadOut']
  const quadInOut: typeof import('svelte/easing')['quadInOut']
  const quartIn: typeof import('svelte/easing')['quartIn']
  const quartOut: typeof import('svelte/easing')['quartOut']
  const quartInOut: typeof import('svelte/easing')['quartInOut']
  const quintIn: typeof import('svelte/easing')['quintIn']
  const quintOut: typeof import('svelte/easing')['quintOut']
  const quintInOut: typeof import('svelte/easing')['quintInOut']
  const sineIn: typeof import('svelte/easing')['sineIn']
  const sineOut: typeof import('svelte/easing')['sineOut']
  const sineInOut: typeof import('svelte/easing')['sineInOut']
  const tweened: typeof import('svelte/motion')['tweened']
  const spring: typeof import('svelte/motion')['spring']
  const writable: typeof import('svelte/store')['writable']
  const readable: typeof import('svelte/store')['readable']
  const derived: typeof import('svelte/store')['derived']
  const get: typeof import('svelte/store')['get']
  const fade: typeof import('svelte/transition')['fade']
  const blur: typeof import('svelte/transition')['blur']
  const fly: typeof import('svelte/transition')['fly']
  const slide: typeof import('svelte/transition')['slide']
  const scale: typeof import('svelte/transition')['scale']
  const draw: typeof import('svelte/transition')['draw']
  const crossfade: typeof import('svelte/transition')['crossfade']
  const customNamed: typeof import('custom')['customNamed']
  const customDefault: typeof import('custom')['default']
}
export {}
"
`;
